[service-name] 12/Feb/2022:18:30:45 GET /api/users HTTP/1.1 200